2026-06-08 17:19:09.474 [background-preinit] INFO  o.h.validator.internal.util.Version
                [service=iam_service]
                [correlationId=]
                [userId=]
                [keyId=]
                [challengeId=]
                - HV000001: Hibernate Validator 8.0.1.Final
2026-06-08 17:19:09.503 [main] INFO  c.c.iam.IamServiceApplication
                [service=iam_service]
                [correlationId=]
                [userId=]
                [keyId=]
                [challengeId=]
                - Starting IamServiceApplication using Java 17.0.19 with PID 21636 (C:\Users\Lenovo\IdeaProjects\5th_Spring_miceoservice\services\iam\target\classes started by Lenovo in C:\Users\Lenovo\IdeaProjects\5th_Spring_miceoservice)
2026-06-08 17:19:09.505 [main] INFO  c.c.iam.IamServiceApplication
                [service=iam_service]
                [correlationId=]
                [userId=]
                [keyId=]
                [challengeId=]
                - No active profile set, falling back to 1 default profile: "default"
2026-06-08 17:19:10.346 [main] INFO  o.s.d.r.c.RepositoryConfigurationDelegate
                [service=iam_service]
                [correlationId=]
                [userId=]
                [keyId=]
                [challengeId=]
                - Bootstrapping Spring Data JPA repositories in DEFAULT mode.
2026-06-08 17:19:10.431 [main] INFO  o.s.d.r.c.RepositoryConfigurationDelegate
                [service=iam_service]
                [correlationId=]
                [userId=]
                [keyId=]
                [challengeId=]
                - Finished Spring Data repository scanning in 78 ms. Found 4 JPA repository interfaces.
2026-06-08 17:19:11.220 [main] INFO  o.s.b.w.e.tomcat.TomcatWebServer
                [service=iam_service]
                [correlationId=]
                [userId=]
                [keyId=]
                [challengeId=]
                - Tomcat initialized with port 8081 (http)
2026-06-08 17:19:11.240 [main] INFO  o.a.coyote.http11.Http11NioProtocol
                [service=iam_service]
                [correlationId=]
                [userId=]
                [keyId=]
                [challengeId=]
                - Initializing ProtocolHandler ["http-nio-8081"]
2026-06-08 17:19:11.245 [main] INFO  o.a.catalina.core.StandardService
                [service=iam_service]
                [correlationId=]
                [userId=]
                [keyId=]
                [challengeId=]
                - Starting service [Tomcat]
2026-06-08 17:19:11.245 [main] INFO  o.a.catalina.core.StandardEngine
                [service=iam_service]
                [correlationId=]
                [userId=]
                [keyId=]
                [challengeId=]
                - Starting Servlet engine: [Apache Tomcat/10.1.31]
2026-06-08 17:19:11.317 [main] INFO  o.a.c.c.C.[Tomcat].[localhost].[/]
                [service=iam_service]
                [correlationId=]
                [userId=]
                [keyId=]
                [challengeId=]
                - Initializing Spring embedded WebApplicationContext
2026-06-08 17:19:11.318 [main] INFO  o.s.b.w.s.c.ServletWebServerApplicationContext
                [service=iam_service]
                [correlationId=]
                [userId=]
                [keyId=]
                [challengeId=]
                - Root WebApplicationContext: initialization completed in 1782 ms
2026-06-08 17:19:11.746 [main] INFO  com.zaxxer.hikari.HikariDataSource
                [service=iam_service]
                [correlationId=]
                [userId=]
                [keyId=]
                [challengeId=]
                - HikariPool-1 - Starting...
2026-06-08 17:19:11.906 [main] INFO  com.zaxxer.hikari.pool.HikariPool
                [service=iam_service]
                [correlationId=]
                [userId=]
                [keyId=]
                [challengeId=]
                - HikariPool-1 - Added connection org.postgresql.jdbc.PgConnection@b841713
2026-06-08 17:19:11.908 [main] INFO  com.zaxxer.hikari.HikariDataSource
                [service=iam_service]
                [correlationId=]
                [userId=]
                [keyId=]
                [challengeId=]
                - HikariPool-1 - Start completed.
2026-06-08 17:19:11.935 [main] INFO  org.flywaydb.core.FlywayExecutor
                [service=iam_service]
                [correlationId=]
                [userId=]
                [keyId=]
                [challengeId=]
                - Database: jdbc:postgresql://localhost:5432/iam_db (PostgreSQL 18.4)
2026-06-08 17:19:12.014 [main] INFO  o.f.core.internal.command.DbValidate
                [service=iam_service]
                [correlationId=]
                [userId=]
                [keyId=]
                [challengeId=]
                - Successfully validated 4 migrations (execution time 00:00.057s)
2026-06-08 17:19:12.046 [main] INFO  o.f.core.internal.command.DbMigrate
                [service=iam_service]
                [correlationId=]
                [userId=]
                [keyId=]
                [challengeId=]
                - Current version of schema "public": 4
2026-06-08 17:19:12.048 [main] INFO  o.f.core.internal.command.DbMigrate
                [service=iam_service]
                [correlationId=]
                [userId=]
                [keyId=]
                [challengeId=]
                - Schema "public" is up to date. No migration necessary.
2026-06-08 17:19:12.183 [main] INFO  o.h.jpa.internal.util.LogHelper
                [service=iam_service]
                [correlationId=]
                [userId=]
                [keyId=]
                [challengeId=]
                - HHH000204: Processing PersistenceUnitInfo [name: default]
2026-06-08 17:19:12.275 [main] INFO  org.hibernate.Version
                [service=iam_service]
                [correlationId=]
                [userId=]
                [keyId=]
                [challengeId=]
                - HHH000412: Hibernate ORM core version 6.5.3.Final
2026-06-08 17:19:12.307 [main] INFO  o.h.c.i.RegionFactoryInitiator
                [service=iam_service]
                [correlationId=]
                [userId=]
                [keyId=]
                [challengeId=]
                - HHH000026: Second-level cache disabled
2026-06-08 17:19:12.464 [main] INFO  o.s.o.j.p.SpringPersistenceUnitInfo
                [service=iam_service]
                [correlationId=]
                [userId=]
                [keyId=]
                [challengeId=]
                - No LoadTimeWeaver setup: ignoring JPA class transformer
2026-06-08 17:19:13.159 [main] INFO  o.h.e.t.j.p.i.JtaPlatformInitiator
                [service=iam_service]
                [correlationId=]
                [userId=]
                [keyId=]
                [challengeId=]
                - HHH000489: No JTA platform available (set 'hibernate.transaction.jta.platform' to enable JTA platform integration)
2026-06-08 17:19:13.222 [main] INFO  o.s.o.j.LocalContainerEntityManagerFactoryBean
                [service=iam_service]
                [correlationId=]
                [userId=]
                [keyId=]
                [challengeId=]
                - Initialized JPA EntityManagerFactory for persistence unit 'default'
2026-06-08 17:19:14.786 [main] INFO  o.s.b.a.e.web.EndpointLinksResolver
                [service=iam_service]
                [correlationId=]
                [userId=]
                [keyId=]
                [challengeId=]
                - Exposing 2 endpoints beneath base path '/actuator'
2026-06-08 17:19:14.856 [main] INFO  o.a.k.c.admin.AdminClientConfig
                [service=iam_service]
                [correlationId=]
                [userId=]
                [keyId=]
                [challengeId=]
                - AdminClientConfig values: 
	auto.include.jmx.reporter = true
	bootstrap.controllers = []
	bootstrap.servers = [localhost:9092]
	client.dns.lookup = use_all_dns_ips
	client.id = iam-service-admin-0
	connections.max.idle.ms = 300000
	default.api.timeout.ms = 60000
	enable.metrics.push = true
	metadata.max.age.ms = 300000
	metric.reporters = []
	metrics.num.samples = 2
	metrics.recording.level = INFO
	metrics.sample.window.ms = 30000
	receive.buffer.bytes = 65536
	reconnect.backoff.max.ms = 1000
	reconnect.backoff.ms = 50
	request.timeout.ms = 30000
	retries = 2147483647
	retry.backoff.max.ms = 1000
	retry.backoff.ms = 100
	sasl.client.callback.handler.class = null
	sasl.jaas.config = null
	sasl.kerberos.kinit.cmd = /usr/bin/kinit
	sasl.kerberos.min.time.before.relogin = 60000
	sasl.kerberos.service.name = null
	sasl.kerberos.ticket.renew.jitter = 0.05
	sasl.kerberos.ticket.renew.window.factor = 0.8
	sasl.login.callback.handler.class = null
	sasl.login.class = null
	sasl.login.connect.timeout.ms = null
	sasl.login.read.timeout.ms = null
	sasl.login.refresh.buffer.seconds = 300
	sasl.login.refresh.min.period.seconds = 60
	sasl.login.refresh.window.factor = 0.8
	sasl.login.refresh.window.jitter = 0.05
	sasl.login.retry.backoff.max.ms = 10000
	sasl.login.retry.backoff.ms = 100
	sasl.mechanism = GSSAPI
	sasl.oauthbearer.clock.skew.seconds = 30
	sasl.oauthbearer.expected.audience = null
	sasl.oauthbearer.expected.issuer = null
	sasl.oauthbearer.jwks.endpoint.refresh.ms = 3600000
	sasl.oauthbearer.jwks.endpoint.retry.backoff.max.ms = 10000
	sasl.oauthbearer.jwks.endpoint.retry.backoff.ms = 100
	sasl.oauthbearer.jwks.endpoint.url = null
	sasl.oauthbearer.scope.claim.name = scope
	sasl.oauthbearer.sub.claim.name = sub
	sasl.oauthbearer.token.endpoint.url = null
	security.protocol = PLAINTEXT
	security.providers = null
	send.buffer.bytes = 131072
	socket.connection.setup.timeout.max.ms = 30000
	socket.connection.setup.timeout.ms = 10000
	ssl.cipher.suites = null
	ssl.enabled.protocols = [TLSv1.2, TLSv1.3]
	ssl.endpoint.identification.algorithm = https
	ssl.engine.factory.class = null
	ssl.key.password = null
	ssl.keymanager.algorithm = SunX509
	ssl.keystore.certificate.chain = null
	ssl.keystore.key = null
	ssl.keystore.location = null
	ssl.keystore.password = null
	ssl.keystore.type = JKS
	ssl.protocol = TLSv1.3
	ssl.provider = null
	ssl.secure.random.implementation = null
	ssl.trustmanager.algorithm = PKIX
	ssl.truststore.certificates = null
	ssl.truststore.location = null
	ssl.truststore.password = null
	ssl.truststore.type = JKS

2026-06-08 17:19:14.914 [main] INFO  o.a.kafka.common.utils.AppInfoParser
                [service=iam_service]
                [correlationId=]
                [userId=]
                [keyId=]
                [challengeId=]
                - Kafka version: 3.7.1
2026-06-08 17:19:14.915 [main] INFO  o.a.kafka.common.utils.AppInfoParser
                [service=iam_service]
                [correlationId=]
                [userId=]
                [keyId=]
                [challengeId=]
                - Kafka commitId: e2494e6ffb89f828
2026-06-08 17:19:14.915 [main] INFO  o.a.kafka.common.utils.AppInfoParser
                [service=iam_service]
                [correlationId=]
                [userId=]
                [keyId=]
                [challengeId=]
                - Kafka startTimeMs: 1780928354914
2026-06-08 17:19:15.164 [kafka-admin-client-thread | iam-service-admin-0] INFO  o.a.kafka.common.utils.AppInfoParser
                [service=iam_service]
                [correlationId=]
                [userId=]
                [keyId=]
                [challengeId=]
                - App info kafka.admin.client for iam-service-admin-0 unregistered
2026-06-08 17:19:15.169 [kafka-admin-client-thread | iam-service-admin-0] INFO  o.a.kafka.common.metrics.Metrics
                [service=iam_service]
                [correlationId=]
                [userId=]
                [keyId=]
                [challengeId=]
                - Metrics scheduler closed
2026-06-08 17:19:15.169 [kafka-admin-client-thread | iam-service-admin-0] INFO  o.a.kafka.common.metrics.Metrics
                [service=iam_service]
                [correlationId=]
                [userId=]
                [keyId=]
                [challengeId=]
                - Closing reporter org.apache.kafka.common.metrics.JmxReporter
2026-06-08 17:19:15.169 [kafka-admin-client-thread | iam-service-admin-0] INFO  o.a.kafka.common.metrics.Metrics
                [service=iam_service]
                [correlationId=]
                [userId=]
                [keyId=]
                [challengeId=]
                - Metrics reporters closed
2026-06-08 17:19:15.172 [main] INFO  o.a.coyote.http11.Http11NioProtocol
                [service=iam_service]
                [correlationId=]
                [userId=]
                [keyId=]
                [challengeId=]
                - Starting ProtocolHandler ["http-nio-8081"]
2026-06-08 17:19:15.179 [main] INFO  o.s.b.w.e.tomcat.TomcatWebServer
                [service=iam_service]
                [correlationId=]
                [userId=]
                [keyId=]
                [challengeId=]
                - Tomcat started on port 8081 (http) with context path '/'
2026-06-08 17:19:15.201 [main] INFO  c.c.iam.IamServiceApplication
                [service=iam_service]
                [correlationId=]
                [userId=]
                [keyId=]
                [challengeId=]
                - Started IamServiceApplication in 6.052 seconds (process running for 6.302)
2026-06-08 17:20:59.018 [http-nio-8081-exec-1] INFO  o.a.c.c.C.[Tomcat].[localhost].[/]
                [service=iam_service]
                [correlationId=]
                [userId=]
                [keyId=]
                [challengeId=]
                - Initializing Spring DispatcherServlet 'dispatcherServlet'
2026-06-08 17:20:59.018 [http-nio-8081-exec-1] INFO  o.s.web.servlet.DispatcherServlet
                [service=iam_service]
                [correlationId=]
                [userId=]
                [keyId=]
                [challengeId=]
                - Initializing Servlet 'dispatcherServlet'
2026-06-08 17:20:59.020 [http-nio-8081-exec-1] INFO  o.s.web.servlet.DispatcherServlet
                [service=iam_service]
                [correlationId=]
                [userId=]
                [keyId=]
                [challengeId=]
                - Completed initialization in 1 ms
2026-06-08 17:20:59.025 [http-nio-8081-exec-1] INFO  c.c.i.c.filter.RequestLoggingFilter
                [service=iam_service]
                [correlationId=aac17ce1-517d-4b72-ac0a-f9bb0dfcb3ed]
                [userId=]
                [keyId=]
                [challengeId=]
                - HTTP_REQUEST_STARTED method=GET path=/api/auth/v3/api-docs correlationId=aac17ce1-517d-4b72-ac0a-f9bb0dfcb3ed
2026-06-08 17:20:59.684 [http-nio-8081-exec-1] INFO  o.s.api.AbstractOpenApiResource
                [service=iam_service]
                [correlationId=aac17ce1-517d-4b72-ac0a-f9bb0dfcb3ed]
                [userId=]
                [keyId=]
                [challengeId=]
                - Init duration for springdoc-openapi is: 617 ms
2026-06-08 17:20:59.747 [http-nio-8081-exec-1] INFO  c.c.i.c.filter.RequestLoggingFilter
                [service=iam_service]
                [correlationId=aac17ce1-517d-4b72-ac0a-f9bb0dfcb3ed]
                [userId=]
                [keyId=]
                [challengeId=]
                - HTTP_REQUEST_COMPLETED method=GET path=/api/auth/v3/api-docs status=200 durationMs=721 correlationId=aac17ce1-517d-4b72-ac0a-f9bb0dfcb3ed
2026-06-08 17:21:29.673 [SpringApplicationShutdownHook] INFO  o.s.o.j.LocalContainerEntityManagerFactoryBean
                [service=iam_service]
                [correlationId=]
                [userId=]
                [keyId=]
                [challengeId=]
                - Closing JPA EntityManagerFactory for persistence unit 'default'
2026-06-08 17:21:29.675 [SpringApplicationShutdownHook] INFO  com.zaxxer.hikari.HikariDataSource
                [service=iam_service]
                [correlationId=]
                [userId=]
                [keyId=]
                [challengeId=]
                - HikariPool-1 - Shutdown initiated...
2026-06-08 17:21:29.679 [SpringApplicationShutdownHook] INFO  com.zaxxer.hikari.HikariDataSource
                [service=iam_service]
                [correlationId=]
                [userId=]
                [keyId=]
                [challengeId=]
                - HikariPool-1 - Shutdown completed.
